// Jest Snapshot v1, https://goo.gl/fbAQLP

exports[`renders a control panel 1`] = `
Object {
  "asFragment": [Function],
  "baseElement": <body>
    <div>
      <div>
        <input
          class="queryClass"
          placeholder="search poke here"
          type="text"
          value="ab"
        />
        <select
          class="orderClass"
        >
          <option
            value="asc"
          >
            Sort A - Z
          </option>
          <option
            value="desc"
          >
            Sort Z - A
          </option>
        </select>
        <select
          class="typeClass"
        >
          <option
            value="all"
          >
            all
          </option>
          <option
            value="fairy"
          >
            fairy
          </option>
        </select>
        <button
          class="MuiButton-root MuiButton-outlined MuiButton-outlinedSuccess MuiButton-sizeMedium MuiButton-outlinedSizeMedium MuiButtonBase-root  css-sxix9q-MuiButtonBase-root-MuiButton-root"
          tabindex="0"
          type="button"
        >
          Search
          <span
            class="MuiTouchRipple-root css-8je8zh-MuiTouchRipple-root"
          />
        </button>
      </div>
    </div>
  </body>,
  "container": <div>
    <div>
      <input
        class="queryClass"
        placeholder="search poke here"
        type="text"
        value="ab"
      />
      <select
        class="orderClass"
      >
        <option
          value="asc"
        >
          Sort A - Z
        </option>
        <option
          value="desc"
        >
          Sort Z - A
        </option>
      </select>
      <select
        class="typeClass"
      >
        <option
          value="all"
        >
          all
        </option>
        <option
          value="fairy"
        >
          fairy
        </option>
      </select>
      <button
        class="MuiButton-root MuiButton-outlined MuiButton-outlinedSuccess MuiButton-sizeMedium MuiButton-outlinedSizeMedium MuiButtonBase-root  css-sxix9q-MuiButtonBase-root-MuiButton-root"
        tabindex="0"
        type="button"
      >
        Search
        <span
          class="MuiTouchRipple-root css-8je8zh-MuiTouchRipple-root"
        />
      </button>
    </div>
  </div>,
  "debug": [Function],
  "findAllByAltText": [Function],
  "findAllByDisplayValue": [Function],
  "findAllByLabelText": [Function],
  "findAllByPlaceholderText": [Function],
  "findAllByRole": [Function],
  "findAllByTestId": [Function],
  "findAllByText": [Function],
  "findAllByTitle": [Function],
  "findByAltText": [Function],
  "findByDisplayValue": [Function],
  "findByLabelText": [Function],
  "findByPlaceholderText": [Function],
  "findByRole": [Function],
  "findByTestId": [Function],
  "findByText": [Function],
  "findByTitle": [Function],
  "getAllByAltText": [Function],
  "getAllByDisplayValue": [Function],
  "getAllByLabelText": [Function],
  "getAllByPlaceholderText": [Function],
  "getAllByRole": [Function],
  "getAllByTestId": [Function],
  "getAllByText": [Function],
  "getAllByTitle": [Function],
  "getByAltText": [Function],
  "getByDisplayValue": [Function],
  "getByLabelText": [Function],
  "getByPlaceholderText": [Function],
  "getByRole": [Function],
  "getByTestId": [Function],
  "getByText": [Function],
  "getByTitle": [Function],
  "queryAllByAltText": [Function],
  "queryAllByDisplayValue": [Function],
  "queryAllByLabelText": [Function],
  "queryAllByPlaceholderText": [Function],
  "queryAllByRole": [Function],
  "queryAllByTestId": [Function],
  "queryAllByText": [Function],
  "queryAllByTitle": [Function],
  "queryByAltText": [Function],
  "queryByDisplayValue": [Function],
  "queryByLabelText": [Function],
  "queryByPlaceholderText": [Function],
  "queryByRole": [Function],
  "queryByTestId": [Function],
  "queryByText": [Function],
  "queryByTitle": [Function],
  "rerender": [Function],
  "unmount": [Function],
}
`;
